Starting Dynare (version 6.2).
Calling Dynare with arguments: none
Starting preprocessing of the model file ... 
Found 21 equation(s). 
Evaluating expressions... 
Computing static model derivatives (order 1). 
Normalizing the static model... 
Finding the optimal block decomposition of the static model... 
5 block(s) found: 
  4 recursive block(s) and 1 simultaneous block(s). 
  the largest simultaneous block has 9 equation(s) 
                                 and 9 feedback variable(s). 
Computing dynamic model derivatives (order 1). 
Normalizing the dynamic model... 
Finding the optimal block decomposition of the dynamic model... 
3 block(s) found: 
  2 recursive block(s) and 1 simultaneous block(s). 
  the largest simultaneous block has 9 equation(s) 
                                 and 7 feedback variable(s). 
Preprocessing completed. 
Preprocessing time: 0h00m00s.


Residuals of the static equations:
Equation number  1: y              :       0.000000
Equation number  2: z              :       0.000000
Equation number  3: g              :       0.000000
Equation number  4: u              :       0.000000
Equation number  5: uc             :       0.000000
Equation number  6: ul             :       0.000000
Equation number  7: 7              :       0.000000
Equation number  8: 8              :       0.000000
Equation number  9: 9              :       0.000000
Equation number 10: 10             :       0.000000
Equation number 11: 11             :       0.000000
Equation number 12: invest         :       0.000000
Equation number 13: c_y            :       0.000000
Equation number 14: i_y            :       0.000000
Equation number 15: nx             :       0.000000
Equation number 16: i_y_percentage :       0.000000
Equation number 17: c_y_percentage :       0.000000
Equation number 18: log_y          :       0.000000
Equation number 19: log_c          :       0.000000
Equation number 20: log_i          :       0.000000
Equation number 21: delta_y        :       0.000000


[Warning: Some of the parameters have no value (b_star, r_star) when using steady. If these parameters are not initialized in a
steadystate file or a steady_state_model-block, Dynare may not be able to solve the model. Note that simul, perfect_foresight_setup,
and perfect_foresight_solver do not automatically call the steady state file.] 

STEADY-STATE RESULTS:

c              		 0.496156
k              		 2.60788
y              		 0.645177
b              		 0.0645177
q              		 0.97166
g              		 0.00657832
l              		 0.332169
u              		 -1.66644
z              		 0
uc             		 1.20914
ul             		 -1.597
c_y            		 0.769023
i_y            		 0.228784
invest         		 0.147606
nx             		 0.00219269
i_y_percentage 		 -1.47498
c_y_percentage 		 -0.262634
log_y          		 -0.438231
log_c          		 -0.700865
log_i          		 -1.91321
delta_y        		 0.00657832

EIGENVALUES:
         Modulus             Real        Imaginary
               0                0                0
            0.01             0.01                0
          0.9158           0.9158                0
            0.95             0.95                0
          0.9827           0.9827                0
            1.04             1.04                0
           1.116            1.116                0
       6.299e+17       -6.299e+17                0
             Inf              Inf                0

There are 4 eigenvalue(s) larger than 1 in modulus for 4 forward-looking variable(s)
The rank condition is verified.


MODEL SUMMARY

  Number of variables:         21
  Number of stochastic shocks: 2
  Number of state variables:   5
  Number of jumpers:           4
  Number of static variables:  15


MATRIX OF COVARIANCE OF EXOGENOUS SHOCKS
Variables       eps_z     eps_g
eps_z        1.000000  0.000000
eps_g        0.000000  1.000000


MODEL SUMMARY

  Number of variables:         21
  Number of stochastic shocks: 2
  Number of state variables:   5
  Number of jumpers:           4
  Number of static variables:  15


MATRIX OF COVARIANCE OF EXOGENOUS SHOCKS
Variables       eps_z     eps_g
eps_z        1.000000  0.000000
eps_g        0.000000  1.000000


MODEL SUMMARY

  Number of variables:         21
  Number of stochastic shocks: 2
  Number of state variables:   5
  Number of jumpers:           4
  Number of static variables:  15


MATRIX OF COVARIANCE OF EXOGENOUS SHOCKS
Variables       eps_z     eps_g
eps_z        0.000023  0.000000
eps_g        0.000000  0.000790


 Table 5 - Moments
            sigma(y) 	 2.39
      sigma(delta y) 	 1.72
   sigma(c)/sigma(y) 	 1.27
   sigma(i)/sigma(y) 	 2.59
  sigma(nx)/sigma(y) 	 0.71
              rho(y) 	 0.78
        rho(delta y) 	 0.13
           rho(y,nx) 	 -0.66
            rho(y,c) 	 0.95
            rho(y,i) 	 0.92
Total computing time : 0h00m10s
Note: warning(s) encountered in MATLAB/Octave code
